#-----------------------------------------------------------
# Vivado v2024.1 (64-bit)
# SW Build 5076996 on Wed May 22 18:37:14 MDT 2024
# IP Build 5075265 on Wed May 22 21:45:21 MDT 2024
# SharedData Build 5076995 on Wed May 22 18:29:18 MDT 2024
# Start of session at: Tue Dec 17 09:37:10 2024
# Process ID: 9724
# Current directory: C:/Users/user/Desktop/veril/20191337_kang_seoung_jun_FPGA_elevator_project/20191337_kang_seoung_jun_FPGA_elevator_project.runs/synth_1
# Command line: vivado.exe -log SS_Decoder.vds -product Vivado -mode batch -messageDb vivado.pb -notrace -source SS_Decoder.tcl
# Log file: C:/Users/user/Desktop/veril/20191337_kang_seoung_jun_FPGA_elevator_project/20191337_kang_seoung_jun_FPGA_elevator_project.runs/synth_1/SS_Decoder.vds
# Journal file: C:/Users/user/Desktop/veril/20191337_kang_seoung_jun_FPGA_elevator_project/20191337_kang_seoung_jun_FPGA_elevator_project.runs/synth_1\vivado.jou
# Running On        :DESKTOP-AB5F7U5
# Platform          :Windows Server 2016 or Windows 10
# Operating System  :22631
# Processor Detail  :13th Gen Intel(R) Core(TM) i7-1360P
# CPU Frequency     :2611 MHz
# CPU Physical cores:12
# CPU Logical cores :16
# Host memory       :16836 MB
# Swap memory       :2550 MB
# Total Virtual     :19386 MB
# Available Virtual :9407 MB
#-----------------------------------------------------------
source SS_Decoder.tcl -notrace
