#-----------------------------------------------------------
# Vivado v2024.1 (64-bit)
# SW Build 5076996 on Wed May 22 18:37:14 MDT 2024
# IP Build 5075265 on Wed May 22 21:45:21 MDT 2024
# SharedData Build 5076995 on Wed May 22 18:29:18 MDT 2024
# Start of session at: Mon Dec 16 15:58:03 2024
# Process ID: 19460
# Current directory: C:/Users/user/Desktop/veril/project_3_1123/project_3_1123.runs/impl_1
# Command line: vivado.exe -log SS_Decoder.vdi -applog -product Vivado -messageDb vivado.pb -mode batch -source SS_Decoder.tcl -notrace
# Log file: C:/Users/user/Desktop/veril/project_3_1123/project_3_1123.runs/impl_1/SS_Decoder.vdi
# Journal file: C:/Users/user/Desktop/veril/project_3_1123/project_3_1123.runs/impl_1\vivado.jou
# Running On        :DESKTOP-AB5F7U5
# Platform          :Windows Server 2016 or Windows 10
# Operating System  :22631
# Processor Detail  :13th Gen Intel(R) Core(TM) i7-1360P
# CPU Frequency     :2611 MHz
# CPU Physical cores:12
# CPU Logical cores :16
# Host memory       :16836 MB
# Swap memory       :2550 MB
# Total Virtual     :19386 MB
# Available Virtual :7875 MB
#-----------------------------------------------------------
source SS_Decoder.tcl -notrace
